
[TestKanban_Render/empty_kanban - 1]
========================== Empty Project ==========================


========================== Empty Project ==========================

---

[TestKanban_Render/single_column_with_tasks - 1]
========================== Project A ==========================

[TODO] Task 1
[TODO] Task 2
[TODO] Task 3

========================== Project A ==========================

---

[TestKanban_Render/multiple_columns - 1]
========================== Complex Project ==========================

[📋 Backlog] Task 1
[📋 Backlog] Task 2
[🏃 In Progress] Task 3
[✅ Done] Task 4
[✅ Done] Task 5
[✅ Done] Task 6

========================== Complex Project ==========================

---

[TestKanban_Render/column_with_no_tasks - 1]
========================== Mixed Project ==========================

[📋 Backlog] Task 1
[✅ Done] Task 2

========================== Mixed Project ==========================

---

[TestKanban_Render/multiple_columns_with_tasks - 1]
========================== Project B ==========================

[TODO] Design database schema
[TODO] Write API documentation
[IN PROGRESS] Implement authentication
[DONE] Setup project structure
[DONE] Configure CI/CD pipeline

========================== Project B ==========================

---

[TestKanban_Render/column_with_empty_tasks - 1]
========================== Project C ==========================

[IN PROGRESS] Only task in progress

========================== Project C ==========================

---
